C:\Users\lenovo\Lib\site-packages\huggingface_hub\file_download.py:943: FutureWarning: `resume_download` is deprecated and will be removed in version 1.0.0. Downloads always resume when possible. If you want to force a new download, use `force_download=True`.
  warnings.warn(
2026-04-16 01:00:31.348817: I tensorflow/core/util/port.cc:153] oneDNN custom operations are on. You may see slightly different numerical results due to floating-point round-off errors from different computation orders. To turn them off, set the environment variable `TF_ENABLE_ONEDNN_OPTS=0`.
AttributeError: 'MessageFactory' object has no attribute 'GetPrototype'
AttributeError: 'MessageFactory' object has no attribute 'GetPrototype'
AttributeError: 'MessageFactory' object has no attribute 'GetPrototype'
2026-04-16 01:00:33.173378: I tensorflow/core/util/port.cc:153] oneDNN custom operations are on. You may see slightly different numerical results due to floating-point round-off errors from different computation orders. To turn them off, set the environment variable `TF_ENABLE_ONEDNN_OPTS=0`.
AttributeError: 'MessageFactory' object has no attribute 'GetPrototype'
AttributeError: 'MessageFactory' object has no attribute 'GetPrototype'
C:\Users\lenovo\Lib\site-packages\huggingface_hub\file_download.py:943: FutureWarning: `resume_download` is deprecated and will be removed in version 1.0.0. Downloads always resume when possible. If you want to force a new download, use `force_download=True`.
  warnings.warn(
C:\Users\lenovo\Lib\site-packages\huggingface_hub\file_download.py:943: FutureWarning: `resume_download` is deprecated and will be removed in version 1.0.0. Downloads always resume when possible. If you want to force a new download, use `force_download=True`.
  warnings.warn(
⚠️  Local model weights not found. Downloading fallback: jackhhao/jailbreak-classifier
   (This only happens once — weights will be cached locally)
✅ BERT model ready
🔄 Loading SBERT...
🔄 Loading semantic DB...
🔄 Encoding semantic patterns...
✅ Semantic service ready
✅ Firebase Admin initialized successfully
 * Serving Flask app 'app2'
 * Debug mode: off
INFO:werkzeug:[31m[1mWARNING: This is a development server. Do not use it in a production deployment. Use a production WSGI server instead.[0m
 * Running on http://127.0.0.1:53908
INFO:werkzeug:[33mPress CTRL+C to quit[0m
INFO:werkzeug:127.0.0.1 - - [16/Apr/2026 01:01:59] "[31m[1mGET /api/retrain/status HTTP/1.1[0m" 403 -
INFO:werkzeug:127.0.0.1 - - [16/Apr/2026 01:01:59] "GET / HTTP/1.1" 200 -
